// Vitest Snapshot v1, https://vitest.dev/guide/snapshot.html

exports[`Button Component > matches snapshot 1`] = `
<DocumentFragment>
  <button
    class="_primary_4048ec"
  >
    Click me!
  </button>
</DocumentFragment>
`;
